<html>
<body>
<pre>
<h1>µVision Build Log</h1>
<h2>Project:</h2>
C:\Keil\ARM\Device\Nordic\nrf51822\Board\pca1000X\Tag\arm\led_radio_example_tx.uvproj
Project File Date:  06/10/2014

<h2>Output:</h2>
Build target 'nrf51822_xxaa (256K)'
Clean started - Project: 'led_radio_example_tx'
   deleting intermediate output files for target 'nrf51822_xxaa (256K)'
compiling main.c...
..\transceiver.h(26): warning:  #1295-D: Deprecated declaration transceiver_setup - give arg types
  void transceiver_setup();
..\transceiver.h(27): warning:  #1295-D: Deprecated declaration transmissor - give arg types
  void transmissor();
..\transceiver.h(28): warning:  #1295-D: Deprecated declaration receptor - give arg types
  void receptor();
..\main.c: 3 warnings, 0 errors
compiling radio_config.c...
..\radio_config.c(26): warning:  #177-D: variable "la" was declared but never referenced
        int la = (int)**ptx;
..\radio_config.c: 1 warning, 0 errors
compiling interruptions.c...
compiling transceiver.c...
..\transceiver.h(26): warning:  #1295-D: Deprecated declaration transceiver_setup - give arg types
  void transceiver_setup();
..\transceiver.h(27): warning:  #1295-D: Deprecated declaration transmissor - give arg types
  void transmissor();
..\transceiver.h(28): warning:  #1295-D: Deprecated declaration receptor - give arg types
  void receptor();
..\transceiver.c(183): warning:  #940-D: missing return statement at end of non-void function "gravar_dados"
                }
..\transceiver.c: 4 warnings, 0 errors
compiling flash.c...
assembling startup_arm_nrf51.s...
compiling system_nrf51.c...
compiling simple_uart.c...
compiling nrf_delay.c...
linking...
Program Size: Code=2024 RO-data=208 RW-data=29588 ZI-data=2064  
".\_build\led_radio_tx_example.axf" - 0 Error(s), 8 Warning(s).

*** Performing Cross-Module-Optimization:
compiling main.c...
..\transceiver.h(26): warning:  #1295-D: Deprecated declaration transceiver_setup - give arg types
  void transceiver_setup();
..\transceiver.h(27): warning:  #1295-D: Deprecated declaration transmissor - give arg types
  void transmissor();
..\transceiver.h(28): warning:  #1295-D: Deprecated declaration receptor - give arg types
  void receptor();
..\main.c: 3 warnings, 0 errors
compiling radio_config.c...
..\radio_config.c(26): warning:  #177-D: variable "la" was declared but never referenced
        int la = (int)**ptx;
..\radio_config.c: 1 warning, 0 errors
compiling interruptions.c...
compiling transceiver.c...
..\transceiver.h(26): warning:  #1295-D: Deprecated declaration transceiver_setup - give arg types
  void transceiver_setup();
..\transceiver.h(27): warning:  #1295-D: Deprecated declaration transmissor - give arg types
  void transmissor();
..\transceiver.h(28): warning:  #1295-D: Deprecated declaration receptor - give arg types
  void receptor();
..\transceiver.c(183): warning:  #940-D: missing return statement at end of non-void function "gravar_dados"
                }
..\transceiver.c: 4 warnings, 0 errors
compiling flash.c...
compiling system_nrf51.c...
compiling simple_uart.c...
compiling nrf_delay.c...
linking...
Program Size: Code=2024 RO-data=208 RW-data=29588 ZI-data=2064  
FromELF: creating hex file...
".\_build\led_radio_tx_example.axf" - 0 Error(s), 8 Warning(s).
*** Completed Cross-Module-Optimization after 2 iteration(s).
Load "C:\\Keil\\ARM\\Device\\Nordic\\nrf51822\\Board\\pca1000X\\Tag\\arm\\_build\\led_radio_tx_example.axf" 
Set JLink Project File to "C:\Keil\ARM\Device\Nordic\nrf51822\Board\pca1000X\Tag\arm\JLinkSettings.ini"
* JLink Info: Device "NRF51822_XXAA" selected (257 KB flash, 16 KB RAM).
 
JLink info:
------------
DLL: V4.80g, compiled Feb 13 2014 20:50:02
Firmware: J-Link Lite-Cortex-M V8 compiled Aug 29 2012 15:24:23
Hardware: V8.00
S/N : 518002717 
Feature(s) : GDB 
 
* JLink Info: Found SWD-DP with ID 0x0BB11477
* JLink Info: Found Cortex-M0 r0p0, Little endian.
* JLink Info: FPUnit: 4 code (BP) slots and 0 literal slots
ROMTableAddr = 0xE00FF003
 
Target info:
------------
Device: nRF51822_xxAA
VTarget = 3.261V
State of Pins: 
TCK: 0, TDI: 0, TDO: 1, TMS: 1, TRES: 1, TRST: 1
Hardware-Breakpoints: 4
Software-Breakpoints: 8192
Watchpoints:          2
JTAG speed: 2000 kHz
 
No Algorithm found for: 10001000H - 10001003H
Partial Erase Done (areas with no algorithms skipped!)
No Algorithm found for: 10001000H - 10001003H
Partial Programming Done (areas with no algorithms skipped!)
Partial Verify OK (areas with no algorithms skipped!)
Application running ...
</pre>
</body>
</html>
\Device\Nordic\nrf51822\Board\pca1000X\Tag\arm\JLinkSettings.ini"
* JLink Info: Device "NRF51822_XXAA" selected (257 KB flash, 16 KB RAM).
 
JLink info:
------------
DLL: V4.80g, compiled Feb 13 2014 20:50:02
Firmware: J-Link Lite-Cortex-M V8 compiled Aug 29 2012 15:24:23
Hardware: V8.00
S/N : 518002717 
Feature(s) : GDB 
 
* JLink Info: Found SWD-DP with ID 0x0BB11477
* JLink Info: Found Cortex-M0 r0p0, Little endian.
* JLink Info: FPUnit: 4 code (BP) slots and 0 literal slots
ROMTableAddr = 0xE00FF003
 
Target info:
------------
Device: nRF51822_xxAA
VTarget = 3.222V
State of Pins: 
TCK: 0, TDI: 0, TDO: 1, TMS: 1, TRES: 1, TRST: 1
Hardware-Breakpoints: 4
Software-Breakpoints: 8192
Watchpoints:          2
JTAG speed: 2000 kHz
 
No Algorithm found for: 10001000H - 10001003H
Partial Erase Done (areas with no algorithms skipped!)
No Algorithm found for: 10001000H - 10001003H
Partial Programming Done (areas with no algorithms skipped!)
Partial Verify OK (areas with no algorithms skipped!)
Application running ...
