ARM Linker, 5.03 [Build 76] [MDK-ARM Lite]

==============================================================================

Section Cross References

    main.o(i.RTC0_IRQHandler) refers to transceiver.o(i.transceiver_setup) for transceiver_setup
    main.o(i.RTC0_IRQHandler) refers to transceiver.o(i.transmissor) for transmissor
    main.o(i.RTC0_IRQHandler) refers to interruptions.o(i.RTC1_init) for RTC1_init
    main.o(i.RTC0_IRQHandler) refers to transceiver.o(i.receptor) for receptor
    main.o(i.RTC0_IRQHandler) refers to interruptions.o(i.RTC0_disable) for RTC0_disable
    main.o(i.RTC0_IRQHandler) refers to main.o(.data) for interruptor1
    main.o(i.RTC1_IRQHandler) refers to transceiver.o(i.desliga_interruptor2) for desliga_interruptor2
    main.o(i.RTC1_IRQHandler) refers to interruptions.o(i.RTC1_disable) for RTC1_disable
    main.o(i.main) refers to main.o(i.disable_Peripherals) for disable_Peripherals
    main.o(i.main) refers to main.o(i.init_32K) for init_32K
    main.o(i.main) refers to main.o(i.init_16M) for init_16M
    main.o(i.main) refers to interruptions.o(i.RTC0_init) for RTC0_init
    main.o(i.main) refers to main.o(.data) for time
    radio_config.o(i.radio_configure) refers to nrf_delay.o(i.nrf_delay_ms) for nrf_delay_ms
    interruptions.o(i.RTC0_init) refers to interruptions.o(i.NVIC_EnableIRQ) for NVIC_EnableIRQ
    interruptions.o(i.RTC0_init) refers to interruptions.o(i.NVIC_SetPriority) for NVIC_SetPriority
    interruptions.o(i.RTC1_init) refers to interruptions.o(i.NVIC_EnableIRQ) for NVIC_EnableIRQ
    interruptions.o(i.RTC1_init) refers to interruptions.o(i.NVIC_SetPriority) for NVIC_SetPriority
    transceiver.o(i.desliga_interruptor2) refers to transceiver.o(.data) for interruptor2
    transceiver.o(i.gravar_dados) refers to flash.o(i.flash_page_erase) for flash_page_erase
    transceiver.o(i.gravar_dados) refers to flash.o(i.flash_word_write) for flash_word_write
    transceiver.o(i.receptor) refers to interruptions.o(i.RTC1_disable) for RTC1_disable
    transceiver.o(i.receptor) refers to transceiver.o(i.conversor_byte_int) for conversor_byte_int
    transceiver.o(i.receptor) refers to transceiver.o(i.gravar_dados) for gravar_dados
    transceiver.o(i.receptor) refers to transceiver.o(.data) for interruptor2
    transceiver.o(i.receptor) refers to transceiver.o(.bss) for packet
    transceiver.o(i.reconf_info_tag) refers to transceiver.o(.data) for taxa
    transceiver.o(i.transceiver_setup) refers to transceiver.o(i.reconf_info_tag) for reconf_info_tag
    transceiver.o(i.transceiver_setup) refers to radio_config.o(i.radio_configure) for radio_configure
    transceiver.o(i.transceiver_setup) refers to transceiver.o(.data) for potencia
    transceiver.o(i.transceiver_setup) refers to transceiver.o(.bss) for packet
    transceiver.o(i.transmissor) refers to transceiver.o(i.conversor_int_byte) for conversor_int_byte
    transceiver.o(i.transmissor) refers to transceiver.o(.bss) for packet
    transceiver.o(i.transmissor) refers to transceiver.o(.data) for identidade
    startup_arm_nrf51.o(RESET) refers to startup_arm_nrf51.o(STACK) for __initial_sp
    startup_arm_nrf51.o(RESET) refers to startup_arm_nrf51.o(.text) for Reset_Handler
    startup_arm_nrf51.o(RESET) refers to main.o(i.RTC0_IRQHandler) for RTC0_IRQHandler
    startup_arm_nrf51.o(RESET) refers to main.o(i.RTC1_IRQHandler) for RTC1_IRQHandler
    startup_arm_nrf51.o(.text) refers to system_nrf51.o(i.SystemInit) for SystemInit
    startup_arm_nrf51.o(.text) refers to entry.o(.ARM.Collect$$$$00000000) for __main
    system_nrf51.o(i.SystemCoreClockUpdate) refers to system_nrf51.o(.data) for SystemCoreClock
    system_nrf51.o(i.SystemInit) refers to system_nrf51.o(i.is_manual_peripheral_setup_needed) for is_manual_peripheral_setup_needed
    system_nrf51.o(i.SystemInit) refers to system_nrf51.o(i.is_disabled_in_debug_needed) for is_disabled_in_debug_needed
    simple_uart.o(i.simple_uart_config) refers to simple_uart.o(i.nrf_gpio_cfg_output) for nrf_gpio_cfg_output
    simple_uart.o(i.simple_uart_config) refers to simple_uart.o(i.nrf_gpio_cfg_input) for nrf_gpio_cfg_input
    simple_uart.o(i.simple_uart_get_with_timeout) refers to simple_uart.o(.emb_text) for __asm___13_simple_uart_c_5dda6715__nrf_delay_us
    simple_uart.o(i.simple_uart_putstring) refers to simple_uart.o(i.simple_uart_put) for simple_uart_put
    nrf_delay.o(i.nrf_delay_ms) refers to nrf_delay.o(.emb_text) for __asm___11_nrf_delay_c_532987f3__nrf_delay_us
    entry.o(.ARM.Collect$$$$00000000) refers (Special) to entry10a.o(.ARM.Collect$$$$0000000D) for __rt_final_cpp
    entry.o(.ARM.Collect$$$$00000000) refers (Special) to entry11a.o(.ARM.Collect$$$$0000000F) for __rt_final_exit
    entry.o(.ARM.Collect$$$$00000000) refers (Special) to entry7b.o(.ARM.Collect$$$$00000008) for _main_clock
    entry.o(.ARM.Collect$$$$00000000) refers (Special) to entry8b.o(.ARM.Collect$$$$0000000A) for _main_cpp_init
    entry.o(.ARM.Collect$$$$00000000) refers (Special) to entry9a.o(.ARM.Collect$$$$0000000B) for _main_init
    entry.o(.ARM.Collect$$$$00000000) refers (Special) to entry5.o(.ARM.Collect$$$$00000004) for _main_scatterload
    entry.o(.ARM.Collect$$$$00000000) refers (Special) to entry2.o(.ARM.Collect$$$$00000001) for _main_stk
    entry2.o(.ARM.Collect$$$$00000001) refers to entry2.o(.ARM.Collect$$$$00002712) for __lit__00000000
    entry2.o(.ARM.Collect$$$$00002712) refers to startup_arm_nrf51.o(STACK) for __initial_sp
    entry2.o(__vectab_stack_and_reset_area) refers to startup_arm_nrf51.o(STACK) for __initial_sp
    entry2.o(__vectab_stack_and_reset_area) refers to entry.o(.ARM.Collect$$$$00000000) for __main
    entry5.o(.ARM.Collect$$$$00000004) refers to init.o(.text) for __scatterload
    entry9a.o(.ARM.Collect$$$$0000000B) refers to main.o(i.main) for main
    entry9b.o(.ARM.Collect$$$$0000000C) refers to main.o(i.main) for main
    init.o(.text) refers to entry5.o(.ARM.Collect$$$$00000004) for __main_after_scatterload


==============================================================================

Removing Unused input sections from the image.

    Removing main.o(.rev16_text), (4 bytes).
    Removing main.o(.revsh_text), (4 bytes).
    Removing main.o(.emb_text), (30 bytes).
    Removing radio_config.o(.rev16_text), (4 bytes).
    Removing radio_config.o(.revsh_text), (4 bytes).
    Removing radio_config.o(.emb_text), (30 bytes).
    Removing interruptions.o(.rev16_text), (4 bytes).
    Removing interruptions.o(.revsh_text), (4 bytes).
    Removing interruptions.o(.emb_text), (30 bytes).
    Removing transceiver.o(.rev16_text), (4 bytes).
    Removing transceiver.o(.revsh_text), (4 bytes).
    Removing flash.o(.rev16_text), (4 bytes).
    Removing flash.o(.revsh_text), (4 bytes).
    Removing flash.o(.emb_text), (30 bytes).
    Removing flash.o(i.flash_uicr_erase), (60 bytes).
    Removing startup_arm_nrf51.o(HEAP), (2048 bytes).
    Removing system_nrf51.o(.rev16_text), (4 bytes).
    Removing system_nrf51.o(.revsh_text), (4 bytes).
    Removing system_nrf51.o(i.SystemCoreClockUpdate), (16 bytes).
    Removing simple_uart.o(.rev16_text), (4 bytes).
    Removing simple_uart.o(.revsh_text), (4 bytes).
    Removing simple_uart.o(.emb_text), (30 bytes).
    Removing simple_uart.o(i.nrf_gpio_cfg_input), (20 bytes).
    Removing simple_uart.o(i.nrf_gpio_cfg_output), (18 bytes).
    Removing simple_uart.o(i.simple_uart_config), (108 bytes).
    Removing simple_uart.o(i.simple_uart_get), (32 bytes).
    Removing simple_uart.o(i.simple_uart_get_with_timeout), (72 bytes).
    Removing simple_uart.o(i.simple_uart_put), (32 bytes).
    Removing simple_uart.o(i.simple_uart_putstring), (32 bytes).
    Removing nrf_delay.o(.rev16_text), (4 bytes).
    Removing nrf_delay.o(.revsh_text), (4 bytes).

31 unused section(s) (total 2652 bytes) removed from the image.

==============================================================================

Image Symbol Table

    Local Symbols

    Symbol Name                              Value     Ov Type        Size  Object(Section)

    RESET                                    0x00000000   Section      192  startup_arm_nrf51.o(RESET)
    ../clib/microlib/init/entry.s            0x00000000   Number         0  entry2.o ABSOLUTE
    ../clib/microlib/init/entry.s            0x00000000   Number         0  entry9b.o ABSOLUTE
    ../clib/microlib/init/entry.s            0x00000000   Number         0  entry5.o ABSOLUTE
    ../clib/microlib/init/entry.s            0x00000000   Number         0  entry7a.o ABSOLUTE
    ../clib/microlib/init/entry.s            0x00000000   Number         0  entry7b.o ABSOLUTE
    ../clib/microlib/init/entry.s            0x00000000   Number         0  entry8a.o ABSOLUTE
    ../clib/microlib/init/entry.s            0x00000000   Number         0  entry8b.o ABSOLUTE
    ../clib/microlib/init/entry.s            0x00000000   Number         0  entry9a.o ABSOLUTE
    ../clib/microlib/init/entry.s            0x00000000   Number         0  entry11b.o ABSOLUTE
    ../clib/microlib/init/entry.s            0x00000000   Number         0  entry10a.o ABSOLUTE
    ../clib/microlib/init/entry.s            0x00000000   Number         0  entry11a.o ABSOLUTE
    ../clib/microlib/init/entry.s            0x00000000   Number         0  entry10b.o ABSOLUTE
    ../clib/microlib/init/entry.s            0x00000000   Number         0  entry.o ABSOLUTE
    ..\..\..\..\Source\nrf_delay\nrf_delay.c 0x00000000   Number         0  nrf_delay.o ABSOLUTE
    ..\..\..\..\Source\simple_uart\simple_uart.c 0x00000000   Number         0  simple_uart.o ABSOLUTE
    ..\..\..\..\Source\templates\arm\arm_startup_nrf51.s 0x00000000   Number         0  startup_arm_nrf51.o ABSOLUTE
    ..\..\..\..\Source\templates\system_nrf51.c 0x00000000   Number         0  system_nrf51.o ABSOLUTE
    ..\\..\\..\\..\\Source\\nrf_delay\\nrf_delay.c 0x00000000   Number         0  nrf_delay.o ABSOLUTE
    ..\\..\\..\\..\\Source\\simple_uart\\simple_uart.c 0x00000000   Number         0  simple_uart.o ABSOLUTE
    ..\\..\\..\\..\\Source\\templates\\system_nrf51.c 0x00000000   Number         0  system_nrf51.o ABSOLUTE
    ..\\flash.c                              0x00000000   Number         0  flash.o ABSOLUTE
    ..\\interruptions.c                      0x00000000   Number         0  interruptions.o ABSOLUTE
    ..\\main.c                               0x00000000   Number         0  main.o ABSOLUTE
    ..\\radio_config.c                       0x00000000   Number         0  radio_config.o ABSOLUTE
    ..\\transceiver.c                        0x00000000   Number         0  transceiver.o ABSOLUTE
    ..\flash.c                               0x00000000   Number         0  flash.o ABSOLUTE
    ..\interruptions.c                       0x00000000   Number         0  interruptions.o ABSOLUTE
    ..\main.c                                0x00000000   Number         0  main.o ABSOLUTE
    ..\radio_config.c                        0x00000000   Number         0  radio_config.o ABSOLUTE
    ..\transceiver.c                         0x00000000   Number         0  transceiver.o ABSOLUTE
    dc.s                                     0x00000000   Number         0  dc.o ABSOLUTE
    handlers.s                               0x00000000   Number         0  handlers.o ABSOLUTE
    init.s                                   0x00000000   Number         0  init.o ABSOLUTE
    .ARM.Collect$$$$00000000                 0x000000c0   Section        0  entry.o(.ARM.Collect$$$$00000000)
    .ARM.Collect$$$$00000001                 0x000000c0   Section        4  entry2.o(.ARM.Collect$$$$00000001)
    .ARM.Collect$$$$00000004                 0x000000c4   Section        4  entry5.o(.ARM.Collect$$$$00000004)
    .ARM.Collect$$$$00000008                 0x000000c8   Section        0  entry7b.o(.ARM.Collect$$$$00000008)
    .ARM.Collect$$$$0000000A                 0x000000c8   Section        0  entry8b.o(.ARM.Collect$$$$0000000A)
    .ARM.Collect$$$$0000000B                 0x000000c8   Section        8  entry9a.o(.ARM.Collect$$$$0000000B)
    .ARM.Collect$$$$0000000D                 0x000000d0   Section        0  entry10a.o(.ARM.Collect$$$$0000000D)
    .ARM.Collect$$$$0000000F                 0x000000d0   Section        0  entry11a.o(.ARM.Collect$$$$0000000F)
    .ARM.Collect$$$$00002712                 0x000000d0   Section        4  entry2.o(.ARM.Collect$$$$00002712)
    __lit__00000000                          0x000000d0   Data           4  entry2.o(.ARM.Collect$$$$00002712)
    .emb_text                                0x000000d4   Section       30  nrf_delay.o(.emb_text)
    .text                                    0x000000f4   Section       44  startup_arm_nrf51.o(.text)
    .text                                    0x00000120   Section       36  init.o(.text)
    i.NVIC_EnableIRQ                         0x00000144   Section        0  interruptions.o(i.NVIC_EnableIRQ)
    NVIC_EnableIRQ                           0x00000145   Thumb Code    14  interruptions.o(i.NVIC_EnableIRQ)
    i.NVIC_SetPriority                       0x00000158   Section        0  interruptions.o(i.NVIC_SetPriority)
    NVIC_SetPriority                         0x00000159   Thumb Code   110  interruptions.o(i.NVIC_SetPriority)
    i.RTC0_IRQHandler                        0x000001d0   Section        0  main.o(i.RTC0_IRQHandler)
    i.RTC0_disable                           0x00000228   Section        0  interruptions.o(i.RTC0_disable)
    i.RTC0_init                              0x00000248   Section        0  interruptions.o(i.RTC0_init)
    i.RTC1_IRQHandler                        0x000002a4   Section        0  main.o(i.RTC1_IRQHandler)
    i.RTC1_disable                           0x000002d0   Section        0  interruptions.o(i.RTC1_disable)
    i.RTC1_init                              0x000002f0   Section        0  interruptions.o(i.RTC1_init)
    i.SystemInit                             0x00000340   Section        0  system_nrf51.o(i.SystemInit)
    i.__scatterload_copy                     0x00000378   Section       14  handlers.o(i.__scatterload_copy)
    i.__scatterload_null                     0x00000386   Section        2  handlers.o(i.__scatterload_null)
    i.__scatterload_zeroinit                 0x00000388   Section       14  handlers.o(i.__scatterload_zeroinit)
    i.conversor_byte_int                     0x00000396   Section        0  transceiver.o(i.conversor_byte_int)
    i.conversor_int_byte                     0x000003b8   Section        0  transceiver.o(i.conversor_int_byte)
    i.desliga_interruptor2                   0x000003dc   Section        0  transceiver.o(i.desliga_interruptor2)
    i.disable_Peripherals                    0x000003e8   Section        0  main.o(i.disable_Peripherals)
    i.flash_page_erase                       0x00000410   Section        0  flash.o(i.flash_page_erase)
    i.flash_word_write                       0x00000448   Section        0  flash.o(i.flash_word_write)
    i.gravar_dados                           0x00000480   Section        0  transceiver.o(i.gravar_dados)
    i.init_16M                               0x000004d8   Section        0  main.o(i.init_16M)
    i.init_32K                               0x000004f4   Section        0  main.o(i.init_32K)
    i.is_disabled_in_debug_needed            0x00000510   Section        0  system_nrf51.o(i.is_disabled_in_debug_needed)
    is_disabled_in_debug_needed              0x00000511   Thumb Code    48  system_nrf51.o(i.is_disabled_in_debug_needed)
    i.is_manual_peripheral_setup_needed      0x00000544   Section        0  system_nrf51.o(i.is_manual_peripheral_setup_needed)
    is_manual_peripheral_setup_needed        0x00000545   Thumb Code    94  system_nrf51.o(i.is_manual_peripheral_setup_needed)
    i.main                                   0x000005a8   Section        0  main.o(i.main)
    i.nrf_delay_ms                           0x00000620   Section        0  nrf_delay.o(i.nrf_delay_ms)
    i.radio_configure                        0x0000063c   Section        0  radio_config.o(i.radio_configure)
    i.receptor                               0x000006d0   Section        0  transceiver.o(i.receptor)
    i.reconf_info_tag                        0x000007d0   Section        0  transceiver.o(i.reconf_info_tag)
    i.transceiver_setup                      0x00000810   Section        0  transceiver.o(i.transceiver_setup)
    i.transmissor                            0x00000838   Section        0  transceiver.o(i.transmissor)
    .ARM.__AT_0x00007C00                     0x00007c00   Section        4  transceiver.o(.ARM.__AT_0x00007C00)
    __tagsym$$used                           0x00007c00   Number         0  transceiver.o(.ARM.__AT_0x00007C00)
    .ARM.__AT_0x00007C04                     0x00007c04   Section        4  transceiver.o(.ARM.__AT_0x00007C04)
    __tagsym$$used                           0x00007c04   Number         0  transceiver.o(.ARM.__AT_0x00007C04)
    .ARM.__AT_0x00007C08                     0x00007c08   Section        4  transceiver.o(.ARM.__AT_0x00007C08)
    __tagsym$$used                           0x00007c08   Number         0  transceiver.o(.ARM.__AT_0x00007C08)
    .ARM.__AT_0x00007C0C                     0x00007c0c   Section        4  transceiver.o(.ARM.__AT_0x00007C0C)
    __tagsym$$used                           0x00007c0c   Number         0  transceiver.o(.ARM.__AT_0x00007C0C)
    .ARM.__AT_0x00007C10                     0x00007c10   Section        4  transceiver.o(.ARM.__AT_0x00007C10)
    __tagsym$$used                           0x00007c10   Number         0  transceiver.o(.ARM.__AT_0x00007C10)
    .ARM.__AT_0x00007C14                     0x00007c14   Section        4  transceiver.o(.ARM.__AT_0x00007C14)
    __tagsym$$used                           0x00007c14   Number         0  transceiver.o(.ARM.__AT_0x00007C14)
    .ARM.__AT_0x10001000                     0x10001000   Section        4  transceiver.o(.ARM.__AT_0x10001000)
    __tagsym$$used                           0x10001000   Number         0  transceiver.o(.ARM.__AT_0x10001000)
    .data                                    0x20000000   Section       13  main.o(.data)
    .data                                    0x20000010   Section       25  transceiver.o(.data)
    .data                                    0x2000002c   Section        4  system_nrf51.o(.data)
    __tagsym$$used                           0x2000002c   Number         0  system_nrf51.o(.data)
    .bss                                     0x20000030   Section       11  transceiver.o(.bss)
    packet                                   0x20000030   Data          11  transceiver.o(.bss)
    STACK                                    0x20000040   Section     2048  startup_arm_nrf51.o(STACK)

    Global Symbols

    Symbol Name                              Value     Ov Type        Size  Object(Section)

    BuildAttributes$$THM_ISAv3M$S$PE$A:L22$X:L11$S22$IEEE1$IW$USESV6$~STKCKD$USESV7$~SHL$OSPACE$EBA8$MICROLIB$REQ8$PRES8$EABIv2 0x00000000   Number         0  anon$$obj.o ABSOLUTE
    __ARM_use_no_argv                        0x00000000   Number         0  main.o ABSOLUTE
    __Vectors                                0x00000000   Data           4  startup_arm_nrf51.o(RESET)
    __cpp_initialize__aeabi_                  - Undefined Weak Reference
    __cxa_finalize                            - Undefined Weak Reference
    __decompress                              - Undefined Weak Reference
    _clock_init                               - Undefined Weak Reference
    _microlib_exit                            - Undefined Weak Reference
    __Vectors_End                            0x000000c0   Data           0  startup_arm_nrf51.o(RESET)
    __Vectors_Size                           0x000000c0   Number         0  startup_arm_nrf51.o ABSOLUTE
    __main                                   0x000000c1   Thumb Code     0  entry.o(.ARM.Collect$$$$00000000)
    _main_stk                                0x000000c1   Thumb Code     0  entry2.o(.ARM.Collect$$$$00000001)
    _main_scatterload                        0x000000c5   Thumb Code     0  entry5.o(.ARM.Collect$$$$00000004)
    __main_after_scatterload                 0x000000c9   Thumb Code     0  entry5.o(.ARM.Collect$$$$00000004)
    _main_clock                              0x000000c9   Thumb Code     0  entry7b.o(.ARM.Collect$$$$00000008)
    _main_cpp_init                           0x000000c9   Thumb Code     0  entry8b.o(.ARM.Collect$$$$0000000A)
    _main_init                               0x000000c9   Thumb Code     0  entry9a.o(.ARM.Collect$$$$0000000B)
    __rt_final_cpp                           0x000000d1   Thumb Code     0  entry10a.o(.ARM.Collect$$$$0000000D)
    __rt_final_exit                          0x000000d1   Thumb Code     0  entry11a.o(.ARM.Collect$$$$0000000F)
    __asm___11_nrf_delay_c_532987f3__nrf_delay_us 0x000000d5   Thumb Code    30  nrf_delay.o(.emb_text)
    Reset_Handler                            0x000000f5   Thumb Code    18  startup_arm_nrf51.o(.text)
    NMI_Handler                              0x00000107   Thumb Code     2  startup_arm_nrf51.o(.text)
    HardFault_Handler                        0x00000109   Thumb Code     2  startup_arm_nrf51.o(.text)
    SVC_Handler                              0x0000010b   Thumb Code     2  startup_arm_nrf51.o(.text)
    PendSV_Handler                           0x0000010d   Thumb Code     2  startup_arm_nrf51.o(.text)
    SysTick_Handler                          0x0000010f   Thumb Code     2  startup_arm_nrf51.o(.text)
    ADC_IRQHandler                           0x00000111   Thumb Code     0  startup_arm_nrf51.o(.text)
    CCM_AAR_IRQHandler                       0x00000111   Thumb Code     0  startup_arm_nrf51.o(.text)
    ECB_IRQHandler                           0x00000111   Thumb Code     0  startup_arm_nrf51.o(.text)
    GPIOTE_IRQHandler                        0x00000111   Thumb Code     0  startup_arm_nrf51.o(.text)
    LPCOMP_COMP_IRQHandler                   0x00000111   Thumb Code     0  startup_arm_nrf51.o(.text)
    POWER_CLOCK_IRQHandler                   0x00000111   Thumb Code     0  startup_arm_nrf51.o(.text)
    QDEC_IRQHandler                          0x00000111   Thumb Code     0  startup_arm_nrf51.o(.text)
    RADIO_IRQHandler                         0x00000111   Thumb Code     0  startup_arm_nrf51.o(.text)
    RNG_IRQHandler                           0x00000111   Thumb Code     0  startup_arm_nrf51.o(.text)
    SPI0_TWI0_IRQHandler                     0x00000111   Thumb Code     0  startup_arm_nrf51.o(.text)
    SPI1_TWI1_IRQHandler                     0x00000111   Thumb Code     0  startup_arm_nrf51.o(.text)
    SWI0_IRQHandler                          0x00000111   Thumb Code     0  startup_arm_nrf51.o(.text)
    SWI1_IRQHandler                          0x00000111   Thumb Code     0  startup_arm_nrf51.o(.text)
    SWI2_IRQHandler                          0x00000111   Thumb Code     0  startup_arm_nrf51.o(.text)
    SWI3_IRQHandler                          0x00000111   Thumb Code     0  startup_arm_nrf51.o(.text)
    SWI4_IRQHandler                          0x00000111   Thumb Code     0  startup_arm_nrf51.o(.text)
    SWI5_IRQHandler                          0x00000111   Thumb Code     0  startup_arm_nrf51.o(.text)
    TEMP_IRQHandler                          0x00000111   Thumb Code     0  startup_arm_nrf51.o(.text)
    TIMER0_IRQHandler                        0x00000111   Thumb Code     0  startup_arm_nrf51.o(.text)
    TIMER1_IRQHandler                        0x00000111   Thumb Code     0  startup_arm_nrf51.o(.text)
    TIMER2_IRQHandler                        0x00000111   Thumb Code     0  startup_arm_nrf51.o(.text)
    UART0_IRQHandler                         0x00000111   Thumb Code     0  startup_arm_nrf51.o(.text)
    WDT_IRQHandler                           0x00000111   Thumb Code     0  startup_arm_nrf51.o(.text)
    __scatterload                            0x00000121   Thumb Code    28  init.o(.text)
    __scatterload_rt2                        0x00000121   Thumb Code     0  init.o(.text)
    RTC0_IRQHandler                          0x000001d1   Thumb Code    72  main.o(i.RTC0_IRQHandler)
    RTC0_disable                             0x00000229   Thumb Code    28  interruptions.o(i.RTC0_disable)
    RTC0_init                                0x00000249   Thumb Code    76  interruptions.o(i.RTC0_init)
    RTC1_IRQHandler                          0x000002a5   Thumb Code    34  main.o(i.RTC1_IRQHandler)
    RTC1_disable                             0x000002d1   Thumb Code    28  interruptions.o(i.RTC1_disable)
    RTC1_init                                0x000002f1   Thumb Code    68  interruptions.o(i.RTC1_init)
    SystemInit                               0x00000341   Thumb Code    38  system_nrf51.o(i.SystemInit)
    __scatterload_copy                       0x00000379   Thumb Code    14  handlers.o(i.__scatterload_copy)
    __scatterload_null                       0x00000387   Thumb Code     2  handlers.o(i.__scatterload_null)
    __scatterload_zeroinit                   0x00000389   Thumb Code    14  handlers.o(i.__scatterload_zeroinit)
    conversor_byte_int                       0x00000397   Thumb Code    34  transceiver.o(i.conversor_byte_int)
    conversor_int_byte                       0x000003b9   Thumb Code    36  transceiver.o(i.conversor_int_byte)
    desliga_interruptor2                     0x000003dd   Thumb Code     8  transceiver.o(i.desliga_interruptor2)
    disable_Peripherals                      0x000003e9   Thumb Code    24  main.o(i.disable_Peripherals)
    flash_page_erase                         0x00000411   Thumb Code    48  flash.o(i.flash_page_erase)
    flash_word_write                         0x00000449   Thumb Code    46  flash.o(i.flash_word_write)
    gravar_dados                             0x00000481   Thumb Code    78  transceiver.o(i.gravar_dados)
    init_16M                                 0x000004d9   Thumb Code    24  main.o(i.init_16M)
    init_32K                                 0x000004f5   Thumb Code    24  main.o(i.init_32K)
    main                                     0x000005a9   Thumb Code   100  main.o(i.main)
    nrf_delay_ms                             0x00000621   Thumb Code    24  nrf_delay.o(i.nrf_delay_ms)
    radio_configure                          0x0000063d   Thumb Code   116  radio_config.o(i.radio_configure)
    receptor                                 0x000006d1   Thumb Code   210  transceiver.o(i.receptor)
    reconf_info_tag                          0x000007d1   Thumb Code    40  transceiver.o(i.reconf_info_tag)
    transceiver_setup                        0x00000811   Thumb Code    22  transceiver.o(i.transceiver_setup)
    transmissor                              0x00000839   Thumb Code    90  transceiver.o(i.transmissor)
    Region$$Table$$Base                      0x000008a8   Number         0  anon$$obj.o(Region$$Table)
    Region$$Table$$Limit                     0x000008b8   Number         0  anon$$obj.o(Region$$Table)
    CODE_ADDR_0x7C00                         0x00007c00   Data           4  transceiver.o(.ARM.__AT_0x00007C00)
    CODE_ADDR_0x7C04                         0x00007c04   Data           4  transceiver.o(.ARM.__AT_0x00007C04)
    CODE_ADDR_0x7C08                         0x00007c08   Data           4  transceiver.o(.ARM.__AT_0x00007C08)
    CODE_ADDR_0x7C0C                         0x00007c0c   Data           4  transceiver.o(.ARM.__AT_0x00007C0C)
    CODE_ADDR_0x7C10                         0x00007c10   Data           4  transceiver.o(.ARM.__AT_0x00007C10)
    CODE_ADDR_0x7C14                         0x00007c14   Data           4  transceiver.o(.ARM.__AT_0x00007C14)
    UICR_CLENR0                              0x10001000   Data           4  transceiver.o(.ARM.__AT_0x10001000)
    time                                     0x20000000   Data           4  main.o(.data)
    flag_transmissao                         0x20000004   Data           4  main.o(.data)
    tempo_extra                              0x20000008   Data           4  main.o(.data)
    interruptor1                             0x2000000c   Data           1  main.o(.data)
    taxa                                     0x20000010   Data           4  transceiver.o(.data)
    potencia                                 0x20000014   Data           4  transceiver.o(.data)
    intervalo                                0x20000018   Data           4  transceiver.o(.data)
    identidade                               0x2000001c   Data           4  transceiver.o(.data)
    tx_flag                                  0x20000020   Data           4  transceiver.o(.data)
    extra                                    0x20000024   Data           4  transceiver.o(.data)
    interruptor2                             0x20000028   Data           1  transceiver.o(.data)
    SystemCoreClock                          0x2000002c   Data           4  system_nrf51.o(.data)
    __initial_sp                             0x20000840   Data           0  startup_arm_nrf51.o(STACK)



==============================================================================

Memory Map of the image

  Image Entry point : 0x000000c1

  Load Region LR_IROM1 (Base: 0x00000000, Size: 0x00007c48, Max: 0x00040000, ABSOLUTE)

    Execution Region ER_IROM1 (Base: 0x00000000, Size: 0x00007c18, Max: 0x00040000, ABSOLUTE)

    Base Addr    Size         Type   Attr      Idx    E Section Name        Object

    0x00000000   0x000000c0   Data   RO          318    RESET               startup_arm_nrf51.o
    0x000000c0   0x00000000   Code   RO          457  * .ARM.Collect$$$$00000000  mc_p.l(entry.o)
    0x000000c0   0x00000004   Code   RO          460    .ARM.Collect$$$$00000001  mc_p.l(entry2.o)
    0x000000c4   0x00000004   Code   RO          463    .ARM.Collect$$$$00000004  mc_p.l(entry5.o)
    0x000000c8   0x00000000   Code   RO          465    .ARM.Collect$$$$00000008  mc_p.l(entry7b.o)
    0x000000c8   0x00000000   Code   RO          467    .ARM.Collect$$$$0000000A  mc_p.l(entry8b.o)
    0x000000c8   0x00000008   Code   RO          468    .ARM.Collect$$$$0000000B  mc_p.l(entry9a.o)
    0x000000d0   0x00000000   Code   RO          470    .ARM.Collect$$$$0000000D  mc_p.l(entry10a.o)
    0x000000d0   0x00000000   Code   RO          472    .ARM.Collect$$$$0000000F  mc_p.l(entry11a.o)
    0x000000d0   0x00000004   Code   RO          461    .ARM.Collect$$$$00002712  mc_p.l(entry2.o)
    0x000000d4   0x0000001e   Code   RO          431    .emb_text           nrf_delay.o
    0x000000f2   0x00000002   PAD
    0x000000f4   0x0000002c   Code   RO          319    .text               startup_arm_nrf51.o
    0x00000120   0x00000024   Code   RO          474    .text               mc_p.l(init.o)
    0x00000144   0x00000014   Code   RO          143    i.NVIC_EnableIRQ    interruptions.o
    0x00000158   0x00000078   Code   RO          144    i.NVIC_SetPriority  interruptions.o
    0x000001d0   0x00000058   Code   RO            4    i.RTC0_IRQHandler   main.o
    0x00000228   0x00000020   Code   RO          145    i.RTC0_disable      interruptions.o
    0x00000248   0x0000005c   Code   RO          146    i.RTC0_init         interruptions.o
    0x000002a4   0x0000002c   Code   RO            5    i.RTC1_IRQHandler   main.o
    0x000002d0   0x00000020   Code   RO          147    i.RTC1_disable      interruptions.o
    0x000002f0   0x00000050   Code   RO          148    i.RTC1_init         interruptions.o
    0x00000340   0x00000038   Code   RO          326    i.SystemInit        system_nrf51.o
    0x00000378   0x0000000e   Code   RO          478    i.__scatterload_copy  mc_p.l(handlers.o)
    0x00000386   0x00000002   Code   RO          479    i.__scatterload_null  mc_p.l(handlers.o)
    0x00000388   0x0000000e   Code   RO          480    i.__scatterload_zeroinit  mc_p.l(handlers.o)
    0x00000396   0x00000022   Code   RO          197    i.conversor_byte_int  transceiver.o
    0x000003b8   0x00000024   Code   RO          198    i.conversor_int_byte  transceiver.o
    0x000003dc   0x0000000c   Code   RO          199    i.desliga_interruptor2  transceiver.o
    0x000003e8   0x00000028   Code   RO            6    i.disable_Peripherals  main.o
    0x00000410   0x00000038   Code   RO          283    i.flash_page_erase  flash.o
    0x00000448   0x00000038   Code   RO          285    i.flash_word_write  flash.o
    0x00000480   0x00000058   Code   RO          200    i.gravar_dados      transceiver.o
    0x000004d8   0x0000001c   Code   RO            7    i.init_16M          main.o
    0x000004f4   0x0000001c   Code   RO            8    i.init_32K          main.o
    0x00000510   0x00000034   Code   RO          327    i.is_disabled_in_debug_needed  system_nrf51.o
    0x00000544   0x00000064   Code   RO          328    i.is_manual_peripheral_setup_needed  system_nrf51.o
    0x000005a8   0x00000078   Code   RO            9    i.main              main.o
    0x00000620   0x0000001c   Code   RO          432    i.nrf_delay_ms      nrf_delay.o
    0x0000063c   0x00000094   Code   RO          119    i.radio_configure   radio_config.o
    0x000006d0   0x00000100   Code   RO          201    i.receptor          transceiver.o
    0x000007d0   0x00000040   Code   RO          202    i.reconf_info_tag   transceiver.o
    0x00000810   0x00000028   Code   RO          203    i.transceiver_setup  transceiver.o
    0x00000838   0x00000070   Code   RO          204    i.transmissor       transceiver.o
    0x000008a8   0x00000010   Data   RO          476    Region$$Table       anon$$obj.o
    0x000008b8   0x00007348   PAD
    0x00007c00   0x00000004   Data   RW          205    .ARM.__AT_0x00007C00  transceiver.o
    0x00007c04   0x00000004   Data   RW          206    .ARM.__AT_0x00007C04  transceiver.o
    0x00007c08   0x00000004   Data   RW          207    .ARM.__AT_0x00007C08  transceiver.o
    0x00007c0c   0x00000004   Data   RW          208    .ARM.__AT_0x00007C0C  transceiver.o
    0x00007c10   0x00000004   Data   RW          209    .ARM.__AT_0x00007C10  transceiver.o
    0x00007c14   0x00000004   Data   RW          210    .ARM.__AT_0x00007C14  transceiver.o


    Execution Region RW_IRAM1 (Base: 0x20000000, Size: 0x00000840, Max: 0x00004000, ABSOLUTE, UNINIT)

    Base Addr    Size         Type   Attr      Idx    E Section Name        Object

    0x20000000   0x0000000d   Data   RW           10    .data               main.o
    0x2000000d   0x00000003   PAD
    0x20000010   0x00000019   Data   RW          213    .data               transceiver.o
    0x20000029   0x00000003   PAD
    0x2000002c   0x00000004   Data   RW          329    .data               system_nrf51.o
    0x20000030   0x0000000b   Zero   RW          212    .bss                transceiver.o
    0x2000003b   0x00000005   PAD
    0x20000040   0x00000800   Zero   RW          316    STACK               startup_arm_nrf51.o



  Load Region LR$$.ARM.__AT_0x10001000 (Base: 0x10001000, Size: 0x00000004, Max: 0x00000004, ABSOLUTE)

    Execution Region ER$$.ARM.__AT_0x10001000 (Base: 0x10001000, Size: 0x00000004, Max: 0x00000004, ABSOLUTE, UNINIT)

    Base Addr    Size         Type   Attr      Idx    E Section Name        Object

    0x10001000   0x00000004   Data   RW          211    .ARM.__AT_0x10001000  transceiver.o


==============================================================================

Image component sizes


      Code (inc. data)   RO Data    RW Data    ZI Data      Debug   Object Name

       112         18          0          0          0       1242   flash.o
       376         52          0          0          0       8042   interruptions.o
       348         70          0         13          0      23424   main.o
        58          4          0          0          0       1243   nrf_delay.o
       148         32          0          0          0       1034   radio_config.o
        44         14        192          0       2048        620   startup_arm_nrf51.o
       208         28          0          4          0       1683   system_nrf51.o
       642        124          0         53         11       5041   transceiver.o

    ----------------------------------------------------------------------
      1938        342        208      29588       2064      42329   Object Totals
         0          0         16          0          0          0   (incl. Generated)
         2          0          0      29518          5          0   (incl. Padding)

    ----------------------------------------------------------------------

      Code (inc. data)   RO Data    RW Data    ZI Data      Debug   Library Member Name

         0          0          0          0          0          0   entry.o
         0          0          0          0          0          0   entry10a.o
         0          0          0          0          0          0   entry11a.o
         8          4          0          0          0          0   entry2.o
         4          0          0          0          0          0   entry5.o
         0          0          0          0          0          0   entry7b.o
         0          0          0          0          0          0   entry8b.o
         8          4          0          0          0          0   entry9a.o
        30          0          0          0          0          0   handlers.o
        36          8          0          0          0         68   init.o

    ----------------------------------------------------------------------
        86         16          0          0          0         68   Library Totals
         0          0          0          0          0          0   (incl. Padding)

    ----------------------------------------------------------------------

      Code (inc. data)   RO Data    RW Data    ZI Data      Debug   Library Name

        86         16          0          0          0         68   mc_p.l

    ----------------------------------------------------------------------
        86         16          0          0          0         68   Library Totals

    ----------------------------------------------------------------------

==============================================================================


      Code (inc. data)   RO Data    RW Data    ZI Data      Debug   

      2024        358        208      29588       2064      41237   Grand Totals
      2024        358        208      29588       2064      41237   ELF Image Totals
      2024        358        208      29588          0          0   ROM Totals

==============================================================================

    Total RO  Size (Code + RO Data)                 2232 (   2.18kB)
    Total RW  Size (RW Data + ZI Data)             31652 (  30.91kB)
    Total ROM Size (Code + RO Data + RW Data)      31820 (  31.07kB)

==============================================================================

